// Jest Snapshot v1, https://goo.gl/fbAQLP

exports[`Input when rendered should render correctly 1`] = `
<FormInput
  a="a"
  b="b"
  normalizeFontSize={true}
  onBlur={[Function]}
  onChange={[Function]}
  onChangeText={[Function]}
  onFocus={[Function]}
  value="The value"
/>
`;
